Archive member included to satisfy reference by file (symbol)

c:/program files (x86)/gnu tools arm embedded/6 2017-q2-update/bin/../lib/gcc/arm-none-eabi/6.3.1/../../../../arm-none-eabi/lib/thumb/v7-m\libc_nano.a(lib_a-exit.o)
                              c:/program files (x86)/gnu tools arm embedded/6 2017-q2-update/bin/../lib/gcc/arm-none-eabi/6.3.1/../../../../arm-none-eabi/lib/thumb/v7-m/crt0.o (exit)
c:/program files (x86)/gnu tools arm embedded/6 2017-q2-update/bin/../lib/gcc/arm-none-eabi/6.3.1/../../../../arm-none-eabi/lib/thumb/v7-m\libc_nano.a(lib_a-impure.o)
                              c:/program files (x86)/gnu tools arm embedded/6 2017-q2-update/bin/../lib/gcc/arm-none-eabi/6.3.1/../../../../arm-none-eabi/lib/thumb/v7-m\libc_nano.a(lib_a-exit.o) (_global_impure_ptr)
c:/program files (x86)/gnu tools arm embedded/6 2017-q2-update/bin/../lib/gcc/arm-none-eabi/6.3.1/../../../../arm-none-eabi/lib/thumb/v7-m\libc_nano.a(lib_a-init.o)
                              c:/program files (x86)/gnu tools arm embedded/6 2017-q2-update/bin/../lib/gcc/arm-none-eabi/6.3.1/../../../../arm-none-eabi/lib/thumb/v7-m/crt0.o (__libc_init_array)
c:/program files (x86)/gnu tools arm embedded/6 2017-q2-update/bin/../lib/gcc/arm-none-eabi/6.3.1/../../../../arm-none-eabi/lib/thumb/v7-m\libc_nano.a(lib_a-memset.o)
                              c:/program files (x86)/gnu tools arm embedded/6 2017-q2-update/bin/../lib/gcc/arm-none-eabi/6.3.1/../../../../arm-none-eabi/lib/thumb/v7-m/crt0.o (memset)
c:/program files (x86)/gnu tools arm embedded/6 2017-q2-update/bin/../lib/gcc/arm-none-eabi/6.3.1/../../../../arm-none-eabi/lib/thumb/v7-m\libm.a(lib_a-s_ceil.o)
                              ..\obj\sx1276.o (ceil)
c:/program files (x86)/gnu tools arm embedded/6 2017-q2-update/bin/../lib/gcc/arm-none-eabi/6.3.1/../../../../arm-none-eabi/lib/thumb/v7-m\libm.a(lib_a-s_floor.o)
                              ..\obj\sx1276.o (floor)
c:/program files (x86)/gnu tools arm embedded/6 2017-q2-update/bin/../lib/gcc/arm-none-eabi/6.3.1/../../../../arm-none-eabi/lib/thumb/v7-m\libm.a(lib_a-s_round.o)
                              ..\obj\sx1276.o (round)
c:/program files (x86)/gnu tools arm embedded/6 2017-q2-update/bin/../lib/gcc/arm-none-eabi/6.3.1/../../../../arm-none-eabi/lib/thumb/v7-m\librdimon_nano.a(rdimon-_exit.o)
                              c:/program files (x86)/gnu tools arm embedded/6 2017-q2-update/bin/../lib/gcc/arm-none-eabi/6.3.1/../../../../arm-none-eabi/lib/thumb/v7-m\libc_nano.a(lib_a-exit.o) (_exit)
c:/program files (x86)/gnu tools arm embedded/6 2017-q2-update/bin/../lib/gcc/arm-none-eabi/6.3.1/../../../../arm-none-eabi/lib/thumb/v7-m\librdimon_nano.a(rdimon-_kill.o)
                              c:/program files (x86)/gnu tools arm embedded/6 2017-q2-update/bin/../lib/gcc/arm-none-eabi/6.3.1/../../../../arm-none-eabi/lib/thumb/v7-m\librdimon_nano.a(rdimon-_exit.o) (_kill)
c:/program files (x86)/gnu tools arm embedded/6 2017-q2-update/bin/../lib/gcc/arm-none-eabi/6.3.1/thumb/v7-m\libgcc.a(_arm_addsubdf3.o)
                              ..\obj\LoRaMac.o (__aeabi_dsub)
c:/program files (x86)/gnu tools arm embedded/6 2017-q2-update/bin/../lib/gcc/arm-none-eabi/6.3.1/thumb/v7-m\libgcc.a(_arm_muldivdf3.o)
                              ..\obj\sx1276.o (__aeabi_dmul)
c:/program files (x86)/gnu tools arm embedded/6 2017-q2-update/bin/../lib/gcc/arm-none-eabi/6.3.1/thumb/v7-m\libgcc.a(_arm_cmpdf2.o)
                              ..\obj\LoRaMac.o (__aeabi_dcmplt)
c:/program files (x86)/gnu tools arm embedded/6 2017-q2-update/bin/../lib/gcc/arm-none-eabi/6.3.1/thumb/v7-m\libgcc.a(_arm_fixdfsi.o)
                              ..\obj\sx1276.o (__aeabi_d2iz)
c:/program files (x86)/gnu tools arm embedded/6 2017-q2-update/bin/../lib/gcc/arm-none-eabi/6.3.1/thumb/v7-m\libgcc.a(_arm_fixunsdfsi.o)
                              ..\obj\sx1276.o (__aeabi_d2uiz)
c:/program files (x86)/gnu tools arm embedded/6 2017-q2-update/bin/../lib/gcc/arm-none-eabi/6.3.1/thumb/v7-m\libgcc.a(_arm_addsubsf3.o)
                              ..\obj\board.o (__aeabi_ui2f)
c:/program files (x86)/gnu tools arm embedded/6 2017-q2-update/bin/../lib/gcc/arm-none-eabi/6.3.1/thumb/v7-m\libgcc.a(_arm_muldivsf3.o)
                              ..\obj\board.o (__aeabi_fmul)
c:/program files (x86)/gnu tools arm embedded/6 2017-q2-update/bin/../lib/gcc/arm-none-eabi/6.3.1/thumb/v7-m\libgcc.a(_arm_fixunssfsi.o)
                              ..\obj\board.o (__aeabi_f2uiz)

Allocating common symbols
Common symbol       size              file

UsbDetect           0xc               ..\obj\board.o
Led2                0xc               ..\obj\board.o
mibReq              0xc               ..\obj\main.o
Led3                0xc               ..\obj\board.o
I2c                 0x6c              ..\obj\board.o
UartHandle          0x40              ..\obj\uart-board.o
uwTick              0x4               ..\obj\stm32l1xx_hal.o
[...]
Memory Configuration

Name             Origin             Length             Attributes
FLASH            0x08000000         0x00020000         xr
RAM              0x20000000         0x00004000         xrw
*default*        0x00000000         0xffffffff

Linker script and memory map

LOAD c:/program files (x86)/gnu tools arm embedded/6 2017-q2-update/bin/../lib/gcc/arm-none-eabi/6.3.1/thumb/v7-m/crti.o
LOAD c:/program files (x86)/gnu tools arm embedded/6 2017-q2-update/bin/../lib/gcc/arm-none-eabi/6.3.1/thumb/v7-m/crtbegin.o
LOAD c:/program files (x86)/gnu tools arm embedded/6 2017-q2-update/bin/../lib/gcc/arm-none-eabi/6.3.1/../../../../arm-none-eabi/lib/thumb/v7-m/crt0.o
                0x20004000                _estack = 0x20004000

.text           0x08000000     0xd9b4
 *(.isr_vector)
 .isr_vector    0x08000000      0x13c ..\obj\startup_stm32l151xb.o
                0x08000000                g_pfnVectors
 *(.text*)
 .text          0x0800013c       0x6c c:/program files (x86)/gnu tools arm embedded/6 2017-q2-update/bin/../lib/gcc/arm-none-eabi/6.3.1/thumb/v7-m/crtbegin.o
 .text          0x080001a8     0x1650 ..\obj\sx1276.o
                0x080001d0                SX1276OnDio4Irq
                0x080001ec                SX1276GetStatus
                0x080001f8                SX1276Reset
                0x08000238                SX1276WriteBuffer
                0x08000280                SX1276Write
                0x08000296                SX1276SetChannel
                0x080002e4                SX1276ReadBuffer
                0x0800032c                SX1276Read
                0x080003e4                SX1276GetTimeOnAir
                0x080005d0                SX1276ReadRssi
                0x08000614                SX1276SetOpMode
                0x08000644                SX1276SetSleep
                0x08000670                SX1276SetStby
                0x0800069c                SX1276SetRx
                0x08000908                SX1276SetTx
                0x080009a8                SX1276StartCad
                0x080009e4                SX1276SetModem
                0x08000a60                SX1276Init
                0x08000ae0                SX1276IsChannelFree
                0x08000b14                SX1276Random
                0x08000b52                SX1276SetRxConfig
                0x08000e54                SX1276SetTxConfig
                0x080010b4                SX1276SetTxContinuousWave
                0x0800114c                SX1276OnDio2Irq
                0x0800121c                SX1276OnDio3Irq
                0x08001270                SX1276WriteFifo
                0x0800127a                SX1276Send
                0x08001378                SX1276ReadFifo
                0x08001382                SX1276OnDio0Irq
                0x080015d8                SX1276OnDio1Irq
                0x080016c8                SX1276SetMaxPayloadLength
                0x080016fc                SX1276SetPublicNetwork
                0x08001724                SX1276OnTimeoutIrq
                0x080017f4                SX1276OnDio5Irq
 .text          0x080017f8      0x360 ..\obj\printf.o
                0x080017f8                PrintChar
                0x08001814                PutChar
                0x0800181a                PutString
                0x08001832                PutUnsignedInt
                0x08001872                PutSignedInt
                0x080018dc                PutHexa
                0x08001928                vsnprintf
                0x08001a24                snprintf
                0x08001a3e                vsprintf
                0x08001a48                sprintf
                0x08001a62                fputc
                0x08001a8c                fputs
                0x08001aaa                vfprintf
                0x08001b00                vprintf
                0x08001b14                printf
                0x08001b2e                fprintf
                0x08001b48                puts
 .text          0x08001b58      0x204 ..\obj\stm32l1xx_hal_pwr.o
                0x08001b58                HAL_PWR_DeInit
                0x08001b70                HAL_PWR_EnableBkUpAccess
                0x08001b8c                HAL_PWR_DisableBkUpAccess
                0x08001ba8                HAL_PWR_ConfigPVD
                0x08001c14                HAL_PWR_EnablePVD
                0x08001c2e                HAL_PWR_DisablePVD
                0x08001c48                HAL_PWR_EnableWakeUpPin
                0x08001c60                HAL_PWR_DisableWakeUpPin
                0x08001c78                HAL_PWR_EnterSLEEPMode
                0x08001ca8                HAL_PWR_EnterSTOPMode
                0x08001ce0                HAL_PWR_EnterSTANDBYMode
                0x08001d00                HAL_PWR_EnableSleepOnExit
                0x08001d10                HAL_PWR_DisableSleepOnExit
                0x08001d20                HAL_PWR_EnableSEVOnPend
                0x08001d30                HAL_PWR_DisableSEVOnPend
                0x08001d40                HAL_PWR_PVDCallback
                0x08001d42                HAL_PWR_PVD_IRQHandler
 .text          0x08001d5c      0x2a0 ..\obj\board.o
                0x08001d5c                BoardDisableIrq
                0x08001d6c                BoardEnableIrq
                0x08001d80                BoardInitMcu
                0x08001ecc                BoardDeInitMcu
                0x08001eec                BoardGetRandomSeed
                0x08001f04                BoardGetUniqueId
                0x08001f54                BoardBatteryMeasureVolage
                0x08001fc8                BoardGetBatteryVoltage
                0x08001fd4                BoardGetBatteryLevel
                0x08001fe8                SysTick_Handler
                0x08001ff6                GetBoardPowerSource
 .text          0x08001ffc      0x140 ..\obj\stm32l1xx_hal.o
                0x08001ffc                HAL_MspInit
                0x08001ffe                HAL_MspDeInit
                0x08002000                HAL_DeInit
                0x08002024                HAL_InitTick
                0x0800204c                HAL_Init
                0x08002062                HAL_IncTick
                0x08002070                HAL_GetTick
                0x0800207c                HAL_Delay
                0x08002096                HAL_SuspendTick
                0x080020a8                HAL_ResumeTick
                0x080020b8                HAL_GetHalVersion
                0x080020be                HAL_GetREVID
                0x080020cc                HAL_GetDEVID
                0x080020dc                HAL_DBGMCU_EnableDBGSleepMode
                0x080020ec                HAL_DBGMCU_DisableDBGSleepMode
                0x080020fc                HAL_DBGMCU_EnableDBGStopMode
                0x0800210c                HAL_DBGMCU_DisableDBGStopMode
                0x0800211c                HAL_DBGMCU_EnableDBGStandbyMode
                0x0800212c                HAL_DBGMCU_DisableDBGStandbyMode
 .text          0x0800213c        0xa ..\obj\sysIrqHandlers.o
                0x0800213c                NMI_Handler
                0x0800213e                MemManage_Handler
                0x08002140                BusFault_Handler
                0x08002142                UsageFault_Handler
                0x08002144                DebugMon_Handler
 *fill*         0x08002146        0x2 
 .text          0x08002148      0xb98 ..\obj\stm32l1xx_hal_uart.o
                0x080023ec                HAL_UART_MspInit
                0x080023ee                HAL_UART_Init
                0x08002446                HAL_HalfDuplex_Init
                0x080024a6                HAL_LIN_Init
                0x08002512                HAL_MultiProcessor_Init
                0x08002584                HAL_UART_MspDeInit
                0x08002586                HAL_UART_DeInit
                0x080025ba                HAL_UART_Transmit
                0x08002670                HAL_UART_Receive
                0x0800272e                HAL_UART_Transmit_IT
                0x08002782                HAL_UART_Receive_IT
                0x080027e6                HAL_UART_Transmit_DMA
                0x08002868                HAL_UART_Receive_DMA
                0x080028e4                HAL_UART_DMAPause
                0x0800293e                HAL_UART_DMAResume
                0x080029b2                HAL_UART_DMAStop
                0x08002a08                HAL_UART_TxHalfCpltCallback
                0x08002a48                HAL_UART_RxHalfCpltCallback
                0x08002a74                HAL_UART_IRQHandler
                0x08002bfc                HAL_LIN_SendBreak
                0x08002c26                HAL_MultiProcessor_EnterMuteMode
                0x08002c50                HAL_MultiProcessor_ExitMuteMode
                0x08002c7a                HAL_HalfDuplex_EnableTransmitter
                0x08002ca8                HAL_HalfDuplex_EnableReceiver
                0x08002cd6                HAL_UART_GetState
                0x08002cdc                HAL_UART_GetError
 .text          0x08002ce0      0x21c ..\obj\spi-board.o
                0x08002ce0                SpiDeInit
                0x08002d38                SpiFormat
                0x08002d66                SpiFrequency
                0x08002da4                SpiInit
                0x08002ecc                SpiInOut
 .text          0x08002efc       0x72 ..\obj\stm32l1xx_hal_spi_ex.o
                0x08002efc                HAL_SPI_Init
 *fill*         0x08002f6e        0x2 
 .text          0x08002f70      0x144 ..\obj\adc-board.o
                0x08002f70                AdcMcuInit
                0x08002fb8                AdcMcuConfig
                0x08002fe4                AdcMcuReadChannel
 *fill*         0x080030b4        0x4 
 .text          0x080030b8     0x23f4 ..\obj\LoRaMac.o
                0x0800414c                PrepareFrame
                0x0800447c                SendFrameOnChannel
                0x08004808                Send
                0x08004b48                SetTxContinuousWave
                0x08004bc4                SetTxContinuousWave1
                0x08004c00                LoRaMacInitialization
                0x08004dfc                LoRaMacQueryTxPossible
                0x08004e84                LoRaMacMibGetRequestConfirm
                0x08004f98                LoRaMacMibSetRequestConfirm
                0x080051cc                LoRaMacChannelAdd
                0x080051da                LoRaMacChannelRemove
                0x080051de                LoRaMacMulticastChannelLink
                0x08005210                LoRaMacMulticastChannelUnlink
                0x0800524c                LoRaMacMlmeRequest
                0x080053a4                LoRaMacMcpsRequest
                0x08005474                LoRaMacTestRxWindowsOn
                0x08005480                LoRaMacTestSetMic
                0x08005490                LoRaMacTestSetDutyCycleOn
                0x080054a0                LoRaMacTestSetChannel
 .text          0x080054ac       0x6a ..\obj\fifo.o
                0x080054ac                FifoInit
                0x080054b8                FifoPush
                0x080054d0                FifoPop
                0x080054e8                FifoFlush
                0x080054f0                IsFifoEmpty
                0x080054fc                IsFifoFull
 *fill*         0x08005516        0x2 
 .text          0x08005518       0xc4 ..\obj\system_stm32l1xx.o
                0x08005518                SystemInit
                0x08005560                SystemCoreClockUpdate
 .text          0x080055dc      0x22c ..\obj\timer.o
                0x08005620                TimerInit
                0x0800562e                TimerStart
                0x080056c0                TimerIrqHandler
                0x08005718                TimerStop
                0x080057a0                TimerReset
                0x080057b2                TimerSetValue
                0x080057c2                TimerGetValue
                0x080057c6                TimerGetCurrentTime
                0x080057ca                TimerGetElapsedTime
                0x080057ce                TimerGetFutureTime
                0x080057d2                TimerLowPowerHandler
 .text          0x08005808       0xcc ..\obj\uart.o
                0x08005808                UartInit
                0x08005820                UartConfig
                0x08005844                UartDeInit
                0x08005854                UartPutChar
                0x08005862                UartGetChar
                0x08005870                UartPutBuffer
                0x080058a4                UartGetBuffer
 .text          0x080058d4      0x2f0 ..\obj\stm32l1xx_hal_gpio.o
                0x080058d4                HAL_GPIO_Init
                0x08005a70                HAL_GPIO_DeInit
                0x08005b64                HAL_GPIO_ReadPin
                0x08005b70                HAL_GPIO_WritePin
                0x08005b7a                HAL_GPIO_TogglePin
                0x08005b82                HAL_GPIO_LockPin
                0x08005bae                HAL_GPIO_EXTI_IRQHandler
 .text          0x08005bc4       0x9c ..\obj\utilities.o
                0x08005bc4                rand1
                0x08005bec                srand1
                0x08005bf8                randr
                0x08005c12                memcpy1
                0x08005c26                memcpyr
                0x08005c3a                memset1
                0x08005c48                Nibble2HexChar
 .text          0x08005c60      0xb84 ..\obj\stm32l1xx_hal_rcc.o
                0x08005cd4                HAL_RCC_DeInit
                0x08005d44                HAL_RCC_OscConfig
                0x080063bc                HAL_RCC_MCOConfig
                0x08006410                HAL_RCC_EnableCSS
                0x0800642c                HAL_RCC_DisableCSS
                0x08006448                HAL_RCC_GetSysClockFreq
                0x080064c4                HAL_RCC_ClockConfig
                0x08006660                HAL_RCC_GetHCLKFreq
                0x0800666c                HAL_RCC_GetPCLK1Freq
                0x0800669c                HAL_RCC_GetPCLK2Freq
                0x080066cc                HAL_RCC_GetOscConfig
                0x08006788                HAL_RCC_GetClockConfig
                0x080067c4                HAL_RCC_CSSCallback
                0x080067c6                HAL_RCC_NMI_IRQHandler
 .text          0x080067e4      0x31c ..\obj\main.o
 .text.startup  0x08006b00      0x2b0 ..\obj\main.o
                0x08006b00                main
 .text          0x08006db0      0x224 ..\obj\cmac.o
                0x08006db0                AES_CMAC_Init
                0x08006dd0                AES_CMAC_SetKey
                0x08006ddc                AES_CMAC_Update
                0x08006e88                AES_CMAC_Final
 .text          0x08006fd4      0x588 ..\obj\aes.o
                0x080070da                aes_set_key
                0x080071d4                aes_encrypt
                0x080074c8                aes_cbc_encrypt
 .text          0x0800755c      0x400 ..\obj\stm32l1xx_hal_dma.o
                0x0800755c                HAL_DMA_Init
                0x080075cc                HAL_DMA_DeInit
                0x08007618                HAL_DMA_Start
                0x08007676                HAL_DMA_Start_IT
                0x080076f2                HAL_DMA_Abort
                0x0800771e                HAL_DMA_Abort_IT
                0x08007766                HAL_DMA_PollForTransfer
                0x0800782c                HAL_DMA_IRQHandler
                0x080078bc                HAL_DMA_RegisterCallback
                0x08007902                HAL_DMA_UnRegisterCallback
                0x08007950                HAL_DMA_GetState
                0x08007956                HAL_DMA_GetError
 .text          0x0800795c      0x3e0 ..\obj\stm32l1xx_hal_rtc.o
                0x08007960                HAL_RTC_MspInit
                0x08007962                HAL_RTC_MspDeInit
                0x08007964                HAL_RTC_DeactivateAlarm
                0x08007a00                HAL_RTC_AlarmAEventCallback
                0x08007a02                HAL_RTC_AlarmIRQHandler
                0x08007a58                HAL_RTC_PollForAlarmAEvent
                0x08007a96                HAL_RTC_GetState
                0x08007a9a                RTC_EnterInitMode
                0x08007ace                HAL_RTC_Init
                0x08007b52                RTC_ByteToBcd2
                0x08007b68                HAL_RTC_SetTime
                0x08007c38                HAL_RTC_SetDate
                0x08007cea                RTC_Bcd2ToByte
                0x08007cfa                HAL_RTC_GetDate
 *fill*         0x08007d3c        0x4 
 .text          0x08007d40      0x84c ..\obj\rtc-board.o
                0x08007ee4                RtcInit
                0x08007f7c                RtcSetTimeout
                0x080081b4                RtcGetAdjustedTimeoutValue
                0x080081f0                RtcGetTimerValue
                0x080081f4                RtcGetElapsedAlarmTime
                0x08008214                RtcComputeFutureEventTime
                0x08008220                RtcComputeElapsedTime
                0x0800823a                RtcEnterLowPowerStopMode
                0x0800827c                RtcRecoverMcuStatus
                0x080082bc                BlockLowPowerDuringTask
                0x080082d4                RtcConvertTimerTimeToCalendarTick
                0x080084f4                RTC_Alarm_IRQHandler
 .text          0x0800858c      0x288 ..\obj\LoRaMacCrypto.o
                0x0800858c                LoRaMacComputeMic
                0x08008600                LoRaMacPayloadEncrypt
                0x080086f0                LoRaMacPayloadDecrypt
                0x080086fe                LoRaMacJoinComputeMic
                0x0800873c                LoRaMacJoinDecrypt
                0x08008780                LoRaMacJoinComputeSKeys
 .text          0x08008814       0x1c ..\obj\delay.o
                0x08008814                Delay
                0x0800882c                DelayMs
 .text          0x08008830      0x308 ..\obj\sx1276-board.o
                0x08008830                SX1276CheckRfFrequency
                0x08008834                SX1276IoInit
                0x080088d4                SX1276IoIrqInit
                0x08008934                SX1276IoDeInit
                0x080089d4                SX1276SetRfTxPower
                0x08008a74                SX1276GetPaSelect
                0x08008a84                SX1276AntSwInit
                0x08008ab8                SX1276AntSwDeInit
                0x08008aec                SX1276SetAntSwLowPower
                0x08008b08                SX1276SetAntSw
 .text          0x08008b38       0xe4 ..\obj\stm32l1xx_hal_pwr_ex.o
                0x08008b38                HAL_PWREx_GetVoltageRange
                0x08008b48                HAL_PWREx_EnableFastWakeUp
                0x08008b64                HAL_PWREx_DisableFastWakeUp
                0x08008b80                HAL_PWREx_EnableUltraLowPower
                0x08008b9c                HAL_PWREx_DisableUltraLowPower
                0x08008bb8                HAL_PWREx_EnableLowPowerRunMode
                0x08008be8                HAL_PWREx_DisableLowPowerRunMode
 .text.Reset_Handler
                0x08008c1c       0x48 ..\obj\startup_stm32l151xb.o
                0x08008c1c                Reset_Handler
 .text.Default_Handler
                0x08008c64        0x2 ..\obj\startup_stm32l151xb.o
                0x08008c64                HardFault_Handler
                0x08008c64                TIM10_IRQHandler
                0x08008c64                USB_HP_IRQHandler
                0x08008c64                TIM6_IRQHandler
                0x08008c64                PVD_IRQHandler
                0x08008c64                PendSV_Handler
                0x08008c64                I2C2_EV_IRQHandler
                0x08008c64                SPI1_IRQHandler
                0x08008c64                USB_FS_WKUP_IRQHandler
                0x08008c64                DMA1_Channel4_IRQHandler
                0x08008c64                ADC1_IRQHandler
                0x08008c64                USART3_IRQHandler
                0x08008c64                DMA1_Channel7_IRQHandler
                0x08008c64                TIM4_IRQHandler
                0x08008c64                I2C1_EV_IRQHandler
                0x08008c64                DMA1_Channel6_IRQHandler
                0x08008c64                TIM3_IRQHandler
                0x08008c64                RCC_IRQHandler
                0x08008c64                DMA1_Channel1_IRQHandler
                0x08008c64                Default_Handler
                0x08008c64                TIM7_IRQHandler
                0x08008c64                TIM9_IRQHandler
                0x08008c64                TAMPER_STAMP_IRQHandler
                0x08008c64                RTC_WKUP_IRQHandler
                0x08008c64                SPI2_IRQHandler
                0x08008c64                SVC_Handler
                0x08008c64                DMA1_Channel5_IRQHandler
                0x08008c64                USB_LP_IRQHandler
                0x08008c64                DMA1_Channel3_IRQHandler
                0x08008c64                COMP_IRQHandler
                0x08008c64                WWDG_IRQHandler
                0x08008c64                TIM2_IRQHandler
                0x08008c64                DAC_IRQHandler
                0x08008c64                TIM11_IRQHandler
                0x08008c64                USART2_IRQHandler
                0x08008c64                I2C2_ER_IRQHandler
                0x08008c64                DMA1_Channel2_IRQHandler
                0x08008c64                FLASH_IRQHandler
                0x08008c64                I2C1_ER_IRQHandler
 *fill*         0x08008c66        0x2 
 .text          0x08008c68      0x1e8 ..\obj\stm32l1xx_hal_rcc_ex.o
                0x08008c68                HAL_RCCEx_PeriphCLKConfig
                0x08008da8                HAL_RCCEx_GetPeriphCLKConfig
                0x08008dcc                HAL_RCCEx_GetPeriphCLKFreq
 .text          0x08008e50      0x320 ..\obj\gpio-board.o
                0x08008e50                GpioMcuSetInterrupt
                0x08008f30                GpioMcuRemoveInterrupt
                0x08008f48                GpioMcuWrite
                0x08008f5c                GpioMcuInit
                0x08009068                GpioMcuToggle
                0x0800907a                GpioMcuRead
                0x08009092                EXTI0_IRQHandler
                0x080090a2                EXTI1_IRQHandler
                0x080090b2                EXTI2_IRQHandler
                0x080090c2                EXTI3_IRQHandler
                0x080090d2                EXTI4_IRQHandler
                0x080090e2                EXTI9_5_IRQHandler
                0x0800910e                EXTI15_10_IRQHandler
                0x08009148                HAL_GPIO_EXTI_Callback
 .text          0x08009170     0x10ec ..\obj\stm32l1xx_hal_spi.o
                0x08009204                HAL_SPI_MspInit
                0x08009206                HAL_SPI_MspDeInit
                0x08009208                HAL_SPI_DeInit
                0x0800922e                HAL_SPI_Transmit
                0x08009392                HAL_SPI_TransmitReceive
                0x0800965a                HAL_SPI_Receive
                0x0800983c                HAL_SPI_Transmit_IT
                0x080098dc                HAL_SPI_TransmitReceive_IT
                0x0800998c                HAL_SPI_Receive_IT
                0x08009a40                HAL_SPI_Transmit_DMA
                0x08009af8                HAL_SPI_TransmitReceive_DMA
                0x08009c00                HAL_SPI_Receive_DMA
                0x08009cd8                HAL_SPI_DMAPause
                0x08009d00                HAL_SPI_DMAResume
                0x08009d28                HAL_SPI_DMAStop
                0x08009d58                HAL_SPI_TxCpltCallback
                0x08009d5a                HAL_SPI_RxCpltCallback
                0x08009d5c                HAL_SPI_TxRxCpltCallback
                0x08009d5e                HAL_SPI_TxHalfCpltCallback
                0x08009d6a                HAL_SPI_RxHalfCpltCallback
                0x08009d76                HAL_SPI_TxRxHalfCpltCallback
                0x08009d82                HAL_SPI_ErrorCallback
                0x0800a198                HAL_SPI_IRQHandler
                0x0800a252                HAL_SPI_GetState
                0x0800a258                HAL_SPI_GetError
 .text          0x0800a25c      0x260 ..\obj\stm32l1xx_hal_cortex.o
                0x0800a25c                HAL_NVIC_SetPriorityGrouping
                0x0800a280                HAL_NVIC_SetPriority
                0x0800a2e8                HAL_NVIC_EnableIRQ
                0x0800a300                HAL_NVIC_DisableIRQ
                0x0800a31c                HAL_NVIC_SystemReset
                0x0800a340                HAL_SYSTICK_Config
                0x0800a36c                HAL_MPU_ConfigRegion
                0x0800a3bc                HAL_NVIC_GetPriorityGrouping
                0x0800a3cc                HAL_NVIC_GetPriority
                0x0800a428                HAL_NVIC_SetPendingIRQ
                0x0800a444                HAL_NVIC_GetPendingIRQ
                0x0800a460                HAL_NVIC_ClearPendingIRQ
                0x0800a47c                HAL_NVIC_GetActive
                0x0800a498                HAL_SYSTICK_CLKSourceConfig
                0x0800a4b0                HAL_SYSTICK_Callback
                0x0800a4b2                HAL_SYSTICK_IRQHandler
 .text          0x0800a4bc       0x40 ..\obj\adc.o
                0x0800a4bc                AdcInit
                0x0800a4dc                AdcDeInit
                0x0800a4e8                AdcReadChannel
 .text          0x0800a4fc       0x6a ..\obj\gpio.o
                0x0800a4fc                GpioInit
                0x0800a516                GpioSetInterrupt
                0x0800a52e                GpioRemoveInterrupt
                0x0800a530                GpioWrite
                0x0800a542                GpioToggle
                0x0800a554                GpioRead
 *fill*         0x0800a566        0x2 
 .text          0x0800a568      0x49c ..\obj\stm32l1xx_hal_adc_ex.o
                0x0800a568                HAL_ADCEx_InjectedStart
                0x0800a5c4                HAL_ADCEx_InjectedStop
                0x0800a612                HAL_ADCEx_InjectedPollForConversion
                0x0800a724                HAL_ADCEx_InjectedStart_IT
                0x0800a788                HAL_ADCEx_InjectedStop_IT
                0x0800a7e0                HAL_ADCEx_InjectedGetValue
                0x0800a7fe                HAL_ADCEx_InjectedConvCpltCallback
                0x0800a800                HAL_ADCEx_InjectedConfigChannel
 .text          0x0800aa04      0xb90 ..\obj\stm32l1xx_hal_rtc_ex.o
                0x0800aa04                HAL_RTC_GetTime
                0x0800aa4a                HAL_RTC_SetAlarm
                0x0800ab86                HAL_RTC_SetAlarm_IT
                0x0800acec                HAL_RTC_GetAlarm
                0x0800ad58                HAL_RTC_WaitForSynchro
                0x0800ad88                HAL_RTC_DeInit
                0x0800ae24                HAL_RTCEx_SetTimeStamp
                0x0800ae60                HAL_RTCEx_SetTimeStamp_IT
                0x0800aebc                HAL_RTCEx_DeactivateTimeStamp
                0x0800aef6                HAL_RTCEx_GetTimeStamp
                0x0800af8c                HAL_RTCEx_SetTamper
                0x0800afba                HAL_RTCEx_SetTamper_IT
                0x0800b008                HAL_RTCEx_DeactivateTamper
                0x0800b02a                HAL_RTCEx_TimeStampEventCallback
                0x0800b02c                HAL_RTCEx_Tamper1EventCallback
                0x0800b02e                HAL_RTCEx_TamperTimeStampIRQHandler
                0x0800b084                HAL_RTCEx_PollForTimeStampEvent
                0x0800b0d0                HAL_RTCEx_PollForTamper1Event
                0x0800b10e                HAL_RTCEx_SetWakeUpTimer
                0x0800b1c4                HAL_RTCEx_SetWakeUpTimer_IT
                0x0800b2a4                HAL_RTCEx_DeactivateWakeUpTimer
                0x0800b30a                HAL_RTCEx_GetWakeUpTimer
                0x0800b312                HAL_RTCEx_WakeUpTimerEventCallback
                0x0800b314                HAL_RTCEx_WakeUpTimerIRQHandler
                0x0800b344                HAL_RTCEx_PollForWakeUpTimerEvent
                0x0800b382                HAL_RTCEx_BKUPWrite
                0x0800b38c                HAL_RTCEx_BKUPRead
                0x0800b396                HAL_RTCEx_SetCoarseCalib
                0x0800b3fc                HAL_RTCEx_DeactivateCoarseCalib
                0x0800b450                HAL_RTCEx_SetCalibrationOutPut
                0x0800b47e                HAL_RTCEx_DeactivateCalibrationOutPut
                0x0800b4ac                HAL_RTCEx_SetRefClock
                0x0800b500                HAL_RTCEx_DeactivateRefClock
                0x0800b554                HAL_RTCEx_AlarmBEventCallback
                0x0800b556                HAL_RTCEx_PollForAlarmBEvent
 .text          0x0800b594      0x9f8 ..\obj\stm32l1xx_hal_adc.o
                0x0800b594                HAL_ADC_MspInit
                0x0800b596                HAL_ADC_Init
                0x0800b714                HAL_ADC_MspDeInit
                0x0800b716                HAL_ADC_PollForConversion
                0x0800b7ba                HAL_ADC_PollForEvent
                0x0800b820                HAL_ADC_GetValue
                0x0800b826                HAL_ADC_ConvCpltCallback
                0x0800b888                HAL_ADC_ConvHalfCpltCallback
                0x0800b894                HAL_ADC_LevelOutOfWindowCallback
                0x0800b896                HAL_ADC_ErrorCallback
                0x0800b8b2                HAL_ADC_IRQHandler
                0x0800b9d4                HAL_ADC_ConfigChannel
                0x0800bb2c                HAL_ADC_AnalogWDGConfig
                0x0800bb80                HAL_ADC_GetState
                0x0800bb84                HAL_ADC_GetError
                0x0800bb88                ADC_Enable
                0x0800bbfc                HAL_ADC_Start
                0x0800bc6a                HAL_ADC_Start_IT
                0x0800bce6                HAL_ADC_Start_DMA
                0x0800bda8                ADC_ConversionStop_Disable
                0x0800bdec                HAL_ADC_DeInit
                0x0800bec4                HAL_ADC_Stop
                0x0800bef8                HAL_ADC_Stop_IT
                0x0800bf36                HAL_ADC_Stop_DMA
 .text          0x0800bf8c      0x274 ..\obj\uart-board.o
                0x0800bf8c                UartMcuInit
                0x0800bff0                UartMcuConfig
                0x0800c0a4                UartMcuDeInit
                0x0800c0f0                UartMcuPutChar
                0x0800c138                UartMcuGetChar
                0x0800c166                HAL_UART_TxCpltCallback
                0x0800c1a4                HAL_UART_RxCpltCallback
                0x0800c1e0                HAL_UART_ErrorCallback
                0x0800c1f4                USART1_IRQHandler
 .text.__libc_init_array
                0x0800c200       0x48 c:/program files (x86)/gnu tools arm embedded/6 2017-q2-update/bin/../lib/gcc/arm-none-eabi/6.3.1/../../../../arm-none-eabi/lib/thumb/v7-m\libc_nano.a(lib_a-init.o)
                0x0800c200                __libc_init_array
 .text.memset   0x0800c248       0x10 c:/program files (x86)/gnu tools arm embedded/6 2017-q2-update/bin/../lib/gcc/arm-none-eabi/6.3.1/../../../../arm-none-eabi/lib/thumb/v7-m\libc_nano.a(lib_a-memset.o)
                0x0800c248                memset
 .text.ceil     0x0800c258      0x120 c:/program files (x86)/gnu tools arm embedded/6 2017-q2-update/bin/../lib/gcc/arm-none-eabi/6.3.1/../../../../arm-none-eabi/lib/thumb/v7-m\libm.a(lib_a-s_ceil.o)
                0x0800c258                ceil
 .text.floor    0x0800c378      0x118 c:/program files (x86)/gnu tools arm embedded/6 2017-q2-update/bin/../lib/gcc/arm-none-eabi/6.3.1/../../../../arm-none-eabi/lib/thumb/v7-m\libm.a(lib_a-s_floor.o)
                0x0800c378                floor
 .text.round    0x0800c490       0xa0 c:/program files (x86)/gnu tools arm embedded/6 2017-q2-update/bin/../lib/gcc/arm-none-eabi/6.3.1/../../../../arm-none-eabi/lib/thumb/v7-m\libm.a(lib_a-s_round.o)
                0x0800c490                round
 .text          0x0800c530      0x370 c:/program files (x86)/gnu tools arm embedded/6 2017-q2-update/bin/../lib/gcc/arm-none-eabi/6.3.1/thumb/v7-m\libgcc.a(_arm_addsubdf3.o)
                0x0800c530                __aeabi_drsub
                0x0800c538                __aeabi_dsub
                0x0800c538                __subdf3
                0x0800c53c                __aeabi_dadd
                0x0800c53c                __adddf3
                0x0800c7b4                __floatunsidf
                0x0800c7b4                __aeabi_ui2d
                0x0800c7d4                __floatsidf
                0x0800c7d4                __aeabi_i2d
                0x0800c7f8                __aeabi_f2d
                0x0800c7f8                __extendsfdf2
                0x0800c834                __floatundidf
                0x0800c834                __aeabi_ul2d
                0x0800c844                __floatdidf
                0x0800c844                __aeabi_l2d
 .text          0x0800c8a0      0x424 c:/program files (x86)/gnu tools arm embedded/6 2017-q2-update/bin/../lib/gcc/arm-none-eabi/6.3.1/thumb/v7-m\libgcc.a(_arm_muldivdf3.o)
                0x0800c8a0                __aeabi_dmul
                0x0800c8a0                __muldf3
                0x0800caf4                __divdf3
                0x0800caf4                __aeabi_ddiv
 .text          0x0800ccc4      0x110 c:/program files (x86)/gnu tools arm embedded/6 2017-q2-update/bin/../lib/gcc/arm-none-eabi/6.3.1/thumb/v7-m\libgcc.a(_arm_cmpdf2.o)
                0x0800ccc4                __gtdf2
                0x0800ccc4                __gedf2
                0x0800cccc                __ltdf2
                0x0800cccc                __ledf2
                0x0800ccd4                __nedf2
                0x0800ccd4                __eqdf2
                0x0800ccd4                __cmpdf2
                0x0800cd50                __aeabi_cdrcmple
                0x0800cd60                __aeabi_cdcmpeq
                0x0800cd60                __aeabi_cdcmple
                0x0800cd70                __aeabi_dcmpeq
                0x0800cd84                __aeabi_dcmplt
                0x0800cd98                __aeabi_dcmple
                0x0800cdac                __aeabi_dcmpge
                0x0800cdc0                __aeabi_dcmpgt
 .text          0x0800cdd4       0x50 c:/program files (x86)/gnu tools arm embedded/6 2017-q2-update/bin/../lib/gcc/arm-none-eabi/6.3.1/thumb/v7-m\libgcc.a(_arm_fixdfsi.o)
                0x0800cdd4                __aeabi_d2iz
                0x0800cdd4                __fixdfsi
 .text          0x0800ce24       0x40 c:/program files (x86)/gnu tools arm embedded/6 2017-q2-update/bin/../lib/gcc/arm-none-eabi/6.3.1/thumb/v7-m\libgcc.a(_arm_fixunsdfsi.o)
                0x0800ce24                __aeabi_d2uiz
                0x0800ce24                __fixunsdfsi
 .text          0x0800ce64      0x21c c:/program files (x86)/gnu tools arm embedded/6 2017-q2-update/bin/../lib/gcc/arm-none-eabi/6.3.1/thumb/v7-m\libgcc.a(_arm_addsubsf3.o)
                0x0800ce64                __aeabi_frsub
                0x0800ce6c                __subsf3
                0x0800ce6c                __aeabi_fsub
                0x0800ce70                __aeabi_fadd
                0x0800ce70                __addsf3
                0x0800cfd0                __aeabi_ui2f
                0x0800cfd0                __floatunsisf
                0x0800cfd8                __aeabi_i2f
                0x0800cfd8                __floatsisf
                0x0800cff4                __aeabi_ul2f
                0x0800cff4                __floatundisf
                0x0800d004                __aeabi_l2f
                0x0800d004                __floatdisf
 .text          0x0800d080      0x2a0 c:/program files (x86)/gnu tools arm embedded/6 2017-q2-update/bin/../lib/gcc/arm-none-eabi/6.3.1/thumb/v7-m\libgcc.a(_arm_muldivsf3.o)
                0x0800d080                __mulsf3
                0x0800d080                __aeabi_fmul
                0x0800d1e8                __aeabi_fdiv
                0x0800d1e8                __divsf3
 .text          0x0800d320       0x40 c:/program files (x86)/gnu tools arm embedded/6 2017-q2-update/bin/../lib/gcc/arm-none-eabi/6.3.1/thumb/v7-m\libgcc.a(_arm_fixunssfsi.o)
                0x0800d320                __fixunssfsi
                0x0800d320                __aeabi_f2uiz
 *(.init)
 .init          0x0800d360        0x4 c:/program files (x86)/gnu tools arm embedded/6 2017-q2-update/bin/../lib/gcc/arm-none-eabi/6.3.1/thumb/v7-m/crti.o
                0x0800d360                _init
 .init          0x0800d364        0x8 c:/program files (x86)/gnu tools arm embedded/6 2017-q2-update/bin/../lib/gcc/arm-none-eabi/6.3.1/thumb/v7-m/crtn.o
 *(.fini)
 .fini          0x0800d36c        0x4 c:/program files (x86)/gnu tools arm embedded/6 2017-q2-update/bin/../lib/gcc/arm-none-eabi/6.3.1/thumb/v7-m/crti.o
                0x0800d36c                _fini
 .fini          0x0800d370        0x8 c:/program files (x86)/gnu tools arm embedded/6 2017-q2-update/bin/../lib/gcc/arm-none-eabi/6.3.1/thumb/v7-m/crtn.o
 *crtbegin.o(.ctors)
 *crtbegin?.o(.ctors)
 *(EXCLUDE_FILE(*crtend.o *crtend?.o) .ctors)
 *(SORT(.ctors.*))
 *(.ctors)
 *crtbegin.o(.dtors)
 *crtbegin?.o(.dtors)
 *(EXCLUDE_FILE(*crtend.o *crtend?.o) .dtors)
 *(SORT(.dtors.*))
 *(.dtors)
 *(.rodata*)
 .rodata        0x0800d378       0xf8 ..\obj\sx1276.o
                0x0800d378                FskBandwidths
                0x0800d440                RadioRegsInit
 .rodata.str1.1
                0x0800d470       0x24 ..\obj\printf.o
 .rodata.str1.1
                0x0800d494       0x14 ..\obj\board.o
 .rodata        0x0800d4a8       0x98 ..\obj\LoRaMac.o
                0x0800d4a8                Datarates
                0x0800d4b8                MaxPayloadOfDatarateRepeater
                0x0800d4c8                MaxPayloadOfDatarate
                0x0800d4d8                Bandwidths
                0x0800d518                TxPowers
                0x0800d523                DatarateOffsets
 .rodata.str1.1
                0x0800d540       0x79 ..\obj\LoRaMac.o
 .rodata        0x0800d5b9       0x21 ..\obj\system_stm32l1xx.o
                0x0800d5b9                PLLMulTable
                0x0800d5c2                AHBPrescTable
                0x0800d5d2                APBPrescTable
 .rodata.str1.1
                0x0800d5da       0x5b ..\obj\main.o
                                 0x68 (size before relaxing)
 .rodata        0x0800d635      0x300 ..\obj\aes.o
 .rodata        0x0800d935       0x18 ..\obj\rtc-board.o
 *fill*         0x0800d94d        0x3 
 .rodata        0x0800d950       0x5c ..\obj\sx1276-board.o
                0x0800d950                Radio
 .rodata        0x0800d9ac        0x4 ..\obj\gpio-board.o
 *(.eh_frame*)
 .eh_frame      0x0800d9b0        0x0 c:/program files (x86)/gnu tools arm embedded/6 2017-q2-update/bin/../lib/gcc/arm-none-eabi/6.3.1/thumb/v7-m/crtbegin.o
 .eh_frame      0x0800d9b0        0x4 c:/program files (x86)/gnu tools arm embedded/6 2017-q2-update/bin/../lib/gcc/arm-none-eabi/6.3.1/thumb/v7-m/crtend.o

.glue_7         0x0800d9b4        0x0
 .glue_7        0x0800d9b4        0x0 linker stubs

.glue_7t        0x0800d9b4        0x0
 .glue_7t       0x0800d9b4        0x0 linker stubs

.vfp11_veneer   0x0800d9b4        0x0
 .vfp11_veneer  0x0800d9b4        0x0 linker stubs

.v4_bx          0x0800d9b4        0x0
 .v4_bx         0x0800d9b4        0x0 linker stubs

.iplt           0x0800d9b4        0x0
 .iplt          0x0800d9b4        0x0 c:/program files (x86)/gnu tools arm embedded/6 2017-q2-update/bin/../lib/gcc/arm-none-eabi/6.3.1/thumb/v7-m/crtbegin.o

.rel.dyn        0x0800d9b4        0x0
 .rel.iplt      0x0800d9b4        0x0 c:/program files (x86)/gnu tools arm embedded/6 2017-q2-update/bin/../lib/gcc/arm-none-eabi/6.3.1/thumb/v7-m/crtbegin.o

.ARM.extab
 *(.ARM.extab* .gnu.linkonce.armextab.*)
                0x0800d9b4                __exidx_start = .

.ARM.exidx
 *(.ARM.exidx* .gnu.linkonce.armexidx.*)
                0x0800d9b4                __exidx_end = .
                0x0800d9b4                __etext = .
                0x0800d9b4                _sidata = __etext

.data           0x20000000       0xf4 load address 0x0800d9b4
                0x20000000                __data_start__ = .
                0x20000000                _sdata = .
 *(vtable)
 *(.data*)
 .data          0x20000000       0x18 ..\obj\sx1276.o
                0x20000000                DioIrq
 .data          0x20000018        0x2 ..\obj\board.o
 *fill*         0x2000001a        0x2 
 .data          0x2000001c       0x10 ..\obj\LoRaMac.o
 .data          0x2000002c        0x4 ..\obj\system_stm32l1xx.o
                0x2000002c                SystemCoreClock
 .data          0x20000030        0x4 ..\obj\utilities.o
 .data          0x20000034       0x30 ..\obj\main.o
                0x20000058                LoRaMacCallbacks
 .data          0x20000064       0x20 ..\obj\LoRaMacCrypto.o
 .data._impure_ptr
                0x20000084        0x4 c:/program files (x86)/gnu tools arm embedded/6 2017-q2-update/bin/../lib/gcc/arm-none-eabi/6.3.1/../../../../arm-none-eabi/lib/thumb/v7-m\libc_nano.a(lib_a-impure.o)
                0x20000084                _impure_ptr
 .data.impure_data
                0x20000088       0x60 c:/program files (x86)/gnu tools arm embedded/6 2017-q2-update/bin/../lib/gcc/arm-none-eabi/6.3.1/../../../../arm-none-eabi/lib/thumb/v7-m\libc_nano.a(lib_a-impure.o)
                0x200000e8                . = ALIGN (0x4)
                0x200000e8                PROVIDE (__preinit_array_start, .)
 *(.preinit_array)
                0x200000e8                PROVIDE (__preinit_array_end, .)
                0x200000e8                . = ALIGN (0x4)
                0x200000e8                PROVIDE (__init_array_start, .)
 *(SORT(.init_array.*))
 *(.init_array)
 .init_array    0x200000e8        0x4 c:/program files (x86)/gnu tools arm embedded/6 2017-q2-update/bin/../lib/gcc/arm-none-eabi/6.3.1/thumb/v7-m/crtbegin.o
                0x200000ec                PROVIDE (__init_array_end, .)
                0x200000ec                . = ALIGN (0x4)
                [!provide]                PROVIDE (__fini_array_start, .)
 *(SORT(.fini_array.*))
 *(.fini_array)
 .fini_array    0x200000ec        0x4 c:/program files (x86)/gnu tools arm embedded/6 2017-q2-update/bin/../lib/gcc/arm-none-eabi/6.3.1/thumb/v7-m/crtbegin.o
                [!provide]                PROVIDE (__fini_array_end, .)
 *(.jcr*)
 .jcr           0x200000f0        0x0 c:/program files (x86)/gnu tools arm embedded/6 2017-q2-update/bin/../lib/gcc/arm-none-eabi/6.3.1/thumb/v7-m/crtbegin.o
 .jcr           0x200000f0        0x4 c:/program files (x86)/gnu tools arm embedded/6 2017-q2-update/bin/../lib/gcc/arm-none-eabi/6.3.1/thumb/v7-m/crtend.o
                0x200000f4                . = ALIGN (0x4)
                0x200000f4                __data_end__ = .
                0x200000f4                _edata = .

.igot.plt       0x200000f4        0x0 load address 0x0800daa8
 .igot.plt      0x200000f4        0x0 c:/program files (x86)/gnu tools arm embedded/6 2017-q2-update/bin/../lib/gcc/arm-none-eabi/6.3.1/thumb/v7-m/crtbegin.o

.bss            0x200000f4      0xdf4 load address 0x0800daa8
                0x200000f4                . = ALIGN (0x4)
                0x200000f4                __bss_start__ = .
                0x200000f4                _sbss = .
 *(.bss*)
 .bss           0x200000f4       0x1c c:/program files (x86)/gnu tools arm embedded/6 2017-q2-update/bin/../lib/gcc/arm-none-eabi/6.3.1/thumb/v7-m/crtbegin.o
 .bss           0x20000110      0x104 ..\obj\sx1276.o
 .bss           0x20000214        0x2 ..\obj\board.o
 *fill*         0x20000216        0x2 
 .bss           0x20000218      0x5d1 ..\obj\LoRaMac.o
                0x20000274                LoRaMacState
                0x20000544                TxTimeOnAir
 *fill*         0x200007e9        0x3 
 .bss           0x200007ec        0x8 ..\obj\timer.o
                0x200007ec                HasLoopedThroughMain
 .bss           0x200007f4       0x88 ..\obj\main.o
 .bss           0x2000087c       0x30 ..\obj\rtc-board.o
                0x2000087c                RtcHandle
                0x200008a4                McuWakeUpTime
                0x200008a8                NonScheduledWakeUp
 .bss           0x200008ac      0x229 ..\obj\LoRaMacCrypto.o
 .bss           0x20000ad5        0x1 ..\obj\sx1276-board.o
 *fill*         0x20000ad6        0x2 
 .bss           0x20000ad8       0x40 ..\obj\gpio-board.o
 .bss           0x20000b18        0x1 ..\obj\adc.o
 .bss           0x20000b19        0x2 ..\obj\uart-board.o
                0x20000b19                RxData
                0x20000b1a                TxData
 *(COMMON)
 *fill*         0x20000b1b        0x1 
 COMMON         0x20000b1c      0x17c ..\obj\sx1276.o
                0x20000b1c                TxTimeoutTimer
                0x20000b30                RxTimeoutSyncWord
                0x20000b44                SX1276
                0x20000c84                RxTimeoutTimer
 COMMON         0x20000c98       0xec ..\obj\board.o
                0x20000c98                UsbDetect
                0x20000ca4                Led2
                0x20000cb0                Led3
                0x20000cbc                I2c
                0x20000d28                Uart1
                0x20000d60                Adc
                0x20000d6c                Led1
                0x20000d78                Led4
 COMMON         0x20000d84        0x4 ..\obj\stm32l1xx_hal.o
                0x20000d84                uwTick
 COMMON         0x20000d88       0x54 ..\obj\adc-board.o
                0x20000d88                AdcHandle
 COMMON         0x20000ddc       0x74 ..\obj\LoRaMac.o
                0x20000ddc                LoRaMacFlags
                0x20000de0                LoRaMacParamsDefaults
                0x20000e18                LoRaMacParams
 COMMON         0x20000e50       0x2c ..\obj\main.o
                0x20000e50                mibReq
                0x20000e5c                ComplianceTest
                0x20000e70                LoRaMacPrimitives
 COMMON         0x20000e7c       0x14 ..\obj\rtc-board.o
                0x20000e7c                RtcCalendarContext
 COMMON         0x20000e90       0x18 ..\obj\sx1276-board.o
                0x20000e90                AntSwitchTxPa
                0x20000e9c                AntSwitchRx
 COMMON         0x20000ea8       0x40 ..\obj\uart-board.o
                0x20000ea8                UartHandle
                0x20000ee8                . = ALIGN (0x4)
                0x20000ee8                __bss_end__ = .
                0x20000ee8                _ebss = .

.heap           0x20000ee8        0x0
                0x20000ee8                __end__ = .
                [!provide]                PROVIDE (_end, .)
                [!provide]                PROVIDE (end, .)
 *(.heap*)
                0x20000ee8                __HeapLimit = .

.stack_dummy    0x20000ee8        0x0
 *(.stack*)
                0x20004000                __StackTop = (ORIGIN (RAM) + LENGTH (RAM))
                0x20004000                __StackLimit = (__StackTop - SIZEOF (.stack_dummy))
                0x20004000                PROVIDE (__stack, __StackTop)
                0x00000001                ASSERT ((__StackLimit >= __HeapLimit), region RAM overflowed with stack)
LOAD ..\obj\sx1276.o
LOAD ..\obj\printf.o
LOAD ..\obj\stm32l1xx_hal_pwr.o
LOAD ..\obj\stm32l1xx_hal_i2c.o
LOAD ..\obj\board.o
LOAD ..\obj\stm32l1xx_hal.o
LOAD ..\obj\i2c-board.o
LOAD ..\obj\sysIrqHandlers.o
LOAD ..\obj\stm32l1xx_hal_uart.o
LOAD ..\obj\spi-board.o
LOAD ..\obj\stm32l1xx_hal_spi_ex.o
LOAD ..\obj\adc-board.o
LOAD ..\obj\LoRaMac.o
LOAD ..\obj\fifo.o
LOAD ..\obj\system_stm32l1xx.o
LOAD ..\obj\timer.o
LOAD ..\obj\uart.o
LOAD ..\obj\stm32l1xx_hal_gpio.o
LOAD ..\obj\utilities.o
LOAD ..\obj\stm32l1xx_hal_rcc.o
LOAD ..\obj\main.o
LOAD ..\obj\cmac.o
LOAD ..\obj\aes.o
LOAD ..\obj\stm32l1xx_hal_dma.o
LOAD ..\obj\stm32l1xx_hal_rtc.o
LOAD ..\obj\rtc-board.o
LOAD ..\obj\LoRaMacCrypto.o
LOAD ..\obj\delay.o
LOAD ..\obj\sx1276-board.o
LOAD ..\obj\stm32l1xx_hal_pwr_ex.o
LOAD ..\obj\startup_stm32l151xb.o
LOAD ..\obj\stm32l1xx_hal_rcc_ex.o
LOAD ..\obj\gpio-board.o
LOAD ..\obj\stm32l1xx_hal_flash.o
LOAD ..\obj\stm32l1xx_hal_spi.o
LOAD ..\obj\stm32l1xx_hal_cortex.o
LOAD ..\obj\adc.o
LOAD ..\obj\gpio.o
LOAD ..\obj\stm32l1xx_hal_adc_ex.o
LOAD ..\obj\stm32l1xx_hal_rtc_ex.o
LOAD ..\obj\stm32l1xx_hal_adc.o
LOAD ..\obj\i2c.o
LOAD ..\obj\uart-board.o
LOAD c:/program files (x86)/gnu tools arm embedded/6 2017-q2-update/bin/../lib/gcc/arm-none-eabi/6.3.1/../../../../arm-none-eabi/lib/thumb/v7-m\libc_nano.a
LOAD c:/program files (x86)/gnu tools arm embedded/6 2017-q2-update/bin/../lib/gcc/arm-none-eabi/6.3.1/../../../../arm-none-eabi/lib/thumb/v7-m\libm.a
LOAD c:/program files (x86)/gnu tools arm embedded/6 2017-q2-update/bin/../lib/gcc/arm-none-eabi/6.3.1/../../../../arm-none-eabi/lib/thumb/v7-m\librdimon_nano.a
START GROUP
LOAD c:/program files (x86)/gnu tools arm embedded/6 2017-q2-update/bin/../lib/gcc/arm-none-eabi/6.3.1/thumb/v7-m\libgcc.a
LOAD c:/program files (x86)/gnu tools arm embedded/6 2017-q2-update/bin/../lib/gcc/arm-none-eabi/6.3.1/../../../../arm-none-eabi/lib/thumb/v7-m\libg_nano.a
LOAD c:/program files (x86)/gnu tools arm embedded/6 2017-q2-update/bin/../lib/gcc/arm-none-eabi/6.3.1/../../../../arm-none-eabi/lib/thumb/v7-m\libc_nano.a
END GROUP
START GROUP
LOAD c:/program files (x86)/gnu tools arm embedded/6 2017-q2-update/bin/../lib/gcc/arm-none-eabi/6.3.1/thumb/v7-m\libgcc.a
LOAD c:/program files (x86)/gnu tools arm embedded/6 2017-q2-update/bin/../lib/gcc/arm-none-eabi/6.3.1/../../../../arm-none-eabi/lib/thumb/v7-m\libc_nano.a
END GROUP
LOAD c:/program files (x86)/gnu tools arm embedded/6 2017-q2-update/bin/../lib/gcc/arm-none-eabi/6.3.1/thumb/v7-m/crtend.o
LOAD c:/program files (x86)/gnu tools arm embedded/6 2017-q2-update/bin/../lib/gcc/arm-none-eabi/6.3.1/thumb/v7-m/crtn.o
OUTPUT(LoRaMacClassA.elf elf32-littlearm)

.ARM.attributes
                0x00000000       0x29
 .ARM.attributes
                0x00000000       0x1d c:/program files (x86)/gnu tools arm embedded/6 2017-q2-update/bin/../lib/gcc/arm-none-eabi/6.3.1/thumb/v7-m/crti.o
 .ARM.attributes
                0x0000001d       0x2d c:/program files (x86)/gnu tools arm embedded/6 2017-q2-update/bin/../lib/gcc/arm-none-eabi/6.3.1/thumb/v7-m/crtbegin.o
 .ARM.attributes
                0x0000004a       0x33 ..\obj\sx1276.o
 .ARM.attributes
                0x0000007d       0x33 ..\obj\printf.o
 .ARM.attributes
                0x000000b0       0x33 ..\obj\stm32l1xx_hal_pwr.o
 .ARM.attributes
                0x000000e3       0x33 ..\obj\board.o
 .ARM.attributes
                0x00000116       0x33 ..\obj\stm32l1xx_hal.o
 .ARM.attributes
                0x00000149       0x33 ..\obj\sysIrqHandlers.o
 .ARM.attributes
                0x0000017c       0x33 ..\obj\stm32l1xx_hal_uart.o
 .ARM.attributes
                0x000001af       0x33 ..\obj\spi-board.o
 .ARM.attributes
                0x000001e2       0x33 ..\obj\stm32l1xx_hal_spi_ex.o
 .ARM.attributes
                0x00000215       0x33 ..\obj\adc-board.o
 .ARM.attributes
                0x00000248       0x33 ..\obj\LoRaMac.o
 .ARM.attributes
                0x0000027b       0x33 ..\obj\fifo.o
 .ARM.attributes
                0x000002ae       0x33 ..\obj\system_stm32l1xx.o
 .ARM.attributes
                0x000002e1       0x33 ..\obj\timer.o
 .ARM.attributes
                0x00000314       0x33 ..\obj\uart.o
 .ARM.attributes
                0x00000347       0x33 ..\obj\stm32l1xx_hal_gpio.o
 .ARM.attributes
                0x0000037a       0x33 ..\obj\utilities.o
 .ARM.attributes
                0x000003ad       0x33 ..\obj\stm32l1xx_hal_rcc.o
 .ARM.attributes
                0x000003e0       0x33 ..\obj\main.o
 .ARM.attributes
                0x00000413       0x33 ..\obj\cmac.o
 .ARM.attributes
                0x00000446       0x33 ..\obj\aes.o
 .ARM.attributes
                0x00000479       0x33 ..\obj\stm32l1xx_hal_dma.o
 .ARM.attributes
                0x000004ac       0x33 ..\obj\stm32l1xx_hal_rtc.o
 .ARM.attributes
                0x000004df       0x33 ..\obj\rtc-board.o
 .ARM.attributes
                0x00000512       0x33 ..\obj\LoRaMacCrypto.o
 .ARM.attributes
                0x00000545       0x33 ..\obj\delay.o
 .ARM.attributes
                0x00000578       0x33 ..\obj\sx1276-board.o
 .ARM.attributes
                0x000005ab       0x33 ..\obj\stm32l1xx_hal_pwr_ex.o
 .ARM.attributes
                0x000005de       0x21 ..\obj\startup_stm32l151xb.o
 .ARM.attributes
                0x000005ff       0x33 ..\obj\stm32l1xx_hal_rcc_ex.o
 .ARM.attributes
                0x00000632       0x33 ..\obj\gpio-board.o
 .ARM.attributes
                0x00000665       0x33 ..\obj\stm32l1xx_hal_spi.o
 .ARM.attributes
                0x00000698       0x33 ..\obj\stm32l1xx_hal_cortex.o
 .ARM.attributes
                0x000006cb       0x33 ..\obj\adc.o
 .ARM.attributes
                0x000006fe       0x33 ..\obj\gpio.o
 .ARM.attributes
                0x00000731       0x33 ..\obj\stm32l1xx_hal_adc_ex.o
 .ARM.attributes
                0x00000764       0x33 ..\obj\stm32l1xx_hal_rtc_ex.o
 .ARM.attributes
                0x00000797       0x33 ..\obj\stm32l1xx_hal_adc.o
 .ARM.attributes
                0x000007ca       0x33 ..\obj\uart-board.o
 .ARM.attributes
                0x000007fd       0x2d c:/program files (x86)/gnu tools arm embedded/6 2017-q2-update/bin/../lib/gcc/arm-none-eabi/6.3.1/../../../../arm-none-eabi/lib/thumb/v7-m\libc_nano.a(lib_a-impure.o)
 .ARM.attributes
                0x0000082a       0x2d c:/program files (x86)/gnu tools arm embedded/6 2017-q2-update/bin/../lib/gcc/arm-none-eabi/6.3.1/../../../../arm-none-eabi/lib/thumb/v7-m\libc_nano.a(lib_a-init.o)
 .ARM.attributes
                0x00000857       0x2d c:/program files (x86)/gnu tools arm embedded/6 2017-q2-update/bin/../lib/gcc/arm-none-eabi/6.3.1/../../../../arm-none-eabi/lib/thumb/v7-m\libc_nano.a(lib_a-memset.o)
 .ARM.attributes
                0x00000884       0x2d c:/program files (x86)/gnu tools arm embedded/6 2017-q2-update/bin/../lib/gcc/arm-none-eabi/6.3.1/../../../../arm-none-eabi/lib/thumb/v7-m\libm.a(lib_a-s_ceil.o)
 .ARM.attributes
                0x000008b1       0x2d c:/program files (x86)/gnu tools arm embedded/6 2017-q2-update/bin/../lib/gcc/arm-none-eabi/6.3.1/../../../../arm-none-eabi/lib/thumb/v7-m\libm.a(lib_a-s_floor.o)
 .ARM.attributes
                0x000008de       0x2d c:/program files (x86)/gnu tools arm embedded/6 2017-q2-update/bin/../lib/gcc/arm-none-eabi/6.3.1/../../../../arm-none-eabi/lib/thumb/v7-m\libm.a(lib_a-s_round.o)
 .ARM.attributes
                0x0000090b       0x1d c:/program files (x86)/gnu tools arm embedded/6 2017-q2-update/bin/../lib/gcc/arm-none-eabi/6.3.1/thumb/v7-m\libgcc.a(_arm_addsubdf3.o)
 .ARM.attributes
                0x00000928       0x1d c:/program files (x86)/gnu tools arm embedded/6 2017-q2-update/bin/../lib/gcc/arm-none-eabi/6.3.1/thumb/v7-m\libgcc.a(_arm_muldivdf3.o)
 .ARM.attributes
                0x00000945       0x1d c:/program files (x86)/gnu tools arm embedded/6 2017-q2-update/bin/../lib/gcc/arm-none-eabi/6.3.1/thumb/v7-m\libgcc.a(_arm_cmpdf2.o)
 .ARM.attributes
                0x00000962       0x1d c:/program files (x86)/gnu tools arm embedded/6 2017-q2-update/bin/../lib/gcc/arm-none-eabi/6.3.1/thumb/v7-m\libgcc.a(_arm_fixdfsi.o)
 .ARM.attributes
                0x0000097f       0x1d c:/program files (x86)/gnu tools arm embedded/6 2017-q2-update/bin/../lib/gcc/arm-none-eabi/6.3.1/thumb/v7-m\libgcc.a(_arm_fixunsdfsi.o)
 .ARM.attributes
                0x0000099c       0x1d c:/program files (x86)/gnu tools arm embedded/6 2017-q2-update/bin/../lib/gcc/arm-none-eabi/6.3.1/thumb/v7-m\libgcc.a(_arm_addsubsf3.o)
 .ARM.attributes
                0x000009b9       0x1d c:/program files (x86)/gnu tools arm embedded/6 2017-q2-update/bin/../lib/gcc/arm-none-eabi/6.3.1/thumb/v7-m\libgcc.a(_arm_muldivsf3.o)
 .ARM.attributes
                0x000009d6       0x1d c:/program files (x86)/gnu tools arm embedded/6 2017-q2-update/bin/../lib/gcc/arm-none-eabi/6.3.1/thumb/v7-m\libgcc.a(_arm_fixunssfsi.o)
 .ARM.attributes
                0x000009f3       0x2d c:/program files (x86)/gnu tools arm embedded/6 2017-q2-update/bin/../lib/gcc/arm-none-eabi/6.3.1/thumb/v7-m/crtend.o
 .ARM.attributes
                0x00000a20       0x1d c:/program files (x86)/gnu tools arm embedded/6 2017-q2-update/bin/../lib/gcc/arm-none-eabi/6.3.1/thumb/v7-m/crtn.o

.comment        0x00000000       0x7f
 .comment       0x00000000       0x7f ..\obj\sx1276.o
                                 0x80 (size before relaxing)
 .comment       0x0000007f       0x80 ..\obj\printf.o
 .comment       0x0000007f       0x80 ..\obj\stm32l1xx_hal_pwr.o
 .comment       0x0000007f       0x80 ..\obj\board.o
 .comment       0x0000007f       0x80 ..\obj\stm32l1xx_hal.o
 .comment       0x0000007f       0x80 ..\obj\sysIrqHandlers.o
 .comment       0x0000007f       0x80 ..\obj\stm32l1xx_hal_uart.o
 .comment       0x0000007f       0x80 ..\obj\spi-board.o
 .comment       0x0000007f       0x80 ..\obj\stm32l1xx_hal_spi_ex.o
 .comment       0x0000007f       0x80 ..\obj\adc-board.o
 .comment       0x0000007f       0x80 ..\obj\LoRaMac.o
 .comment       0x0000007f       0x80 ..\obj\fifo.o
 .comment       0x0000007f       0x80 ..\obj\system_stm32l1xx.o
 .comment       0x0000007f       0x80 ..\obj\timer.o
 .comment       0x0000007f       0x80 ..\obj\uart.o
 .comment       0x0000007f       0x80 ..\obj\stm32l1xx_hal_gpio.o
 .comment       0x0000007f       0x80 ..\obj\utilities.o
 .comment       0x0000007f       0x80 ..\obj\stm32l1xx_hal_rcc.o
 .comment       0x0000007f       0x80 ..\obj\main.o
 .comment       0x0000007f       0x80 ..\obj\cmac.o
 .comment       0x0000007f       0x80 ..\obj\aes.o
 .comment       0x0000007f       0x80 ..\obj\stm32l1xx_hal_dma.o
 .comment       0x0000007f       0x80 ..\obj\stm32l1xx_hal_rtc.o
 .comment       0x0000007f       0x80 ..\obj\rtc-board.o
 .comment       0x0000007f       0x80 ..\obj\LoRaMacCrypto.o
 .comment       0x0000007f       0x80 ..\obj\delay.o
 .comment       0x0000007f       0x80 ..\obj\sx1276-board.o
 .comment       0x0000007f       0x80 ..\obj\stm32l1xx_hal_pwr_ex.o
 .comment       0x0000007f       0x80 ..\obj\stm32l1xx_hal_rcc_ex.o
 .comment       0x0000007f       0x80 ..\obj\gpio-board.o
 .comment       0x0000007f       0x80 ..\obj\stm32l1xx_hal_spi.o
 .comment       0x0000007f       0x80 ..\obj\stm32l1xx_hal_cortex.o
 .comment       0x0000007f       0x80 ..\obj\adc.o
 .comment       0x0000007f       0x80 ..\obj\gpio.o
 .comment       0x0000007f       0x80 ..\obj\stm32l1xx_hal_adc_ex.o
 .comment       0x0000007f       0x80 ..\obj\stm32l1xx_hal_rtc_ex.o
 .comment       0x0000007f       0x80 ..\obj\stm32l1xx_hal_adc.o
 .comment       0x0000007f       0x80 ..\obj\uart-board.o

.debug_info     0x00000000    0x45090
 .debug_info    0x00000000     0x41ab ..\obj\sx1276.o
 .debug_info    0x000041ab     0x291a ..\obj\printf.o
 .debug_info    0x00006ac5     0x1066 ..\obj\stm32l1xx_hal_pwr.o
 .debug_info    0x00007b2b     0x2aae ..\obj\board.o
 .debug_info    0x0000a5d9      0xe85 ..\obj\stm32l1xx_hal.o
 .debug_info    0x0000b45e     0x1e7f ..\obj\sysIrqHandlers.o
 .debug_info    0x0000d2dd     0x19ec ..\obj\stm32l1xx_hal_uart.o
 .debug_info    0x0000ecc9     0x23e0 ..\obj\spi-board.o
 .debug_info    0x000110a9      0xe3c ..\obj\stm32l1xx_hal_spi_ex.o
 .debug_info    0x00011ee5     0x24fe ..\obj\adc-board.o
 .debug_info    0x000143e3     0x586e ..\obj\LoRaMac.o
 .debug_info    0x00019c51      0x28a ..\obj\fifo.o
 .debug_info    0x00019edb      0xc72 ..\obj\system_stm32l1xx.o
 .debug_info    0x0001ab4d     0x2451 ..\obj\timer.o
 .debug_info    0x0001cf9e     0x2226 ..\obj\uart.o
 .debug_info    0x0001f1c4      0xe98 ..\obj\stm32l1xx_hal_gpio.o
 .debug_info    0x0002005c     0x1fac ..\obj\utilities.o
 .debug_info    0x00022008     0x1e31 ..\obj\stm32l1xx_hal_rcc.o
 .debug_info    0x00023e39     0x336c ..\obj\main.o
 .debug_info    0x000271a5      0x50c ..\obj\cmac.o
 .debug_info    0x000276b1      0xe14 ..\obj\aes.o
 .debug_info    0x000284c5     0x102f ..\obj\stm32l1xx_hal_dma.o
 .debug_info    0x000294f4     0x12bc ..\obj\stm32l1xx_hal_rtc.o
 .debug_info    0x0002a7b0     0x2fbf ..\obj\rtc-board.o
 .debug_info    0x0002d76f     0x106d ..\obj\LoRaMacCrypto.o
 .debug_info    0x0002e7dc     0x1ecb ..\obj\delay.o
 .debug_info    0x000306a7     0x2648 ..\obj\sx1276-board.o
 .debug_info    0x00032cef      0xbe0 ..\obj\stm32l1xx_hal_pwr_ex.o
 .debug_info    0x000338cf      0x118 ..\obj\startup_stm32l151xb.o
 .debug_info    0x000339e7      0xd0d ..\obj\stm32l1xx_hal_rcc_ex.o
 .debug_info    0x000346f4     0x27f5 ..\obj\gpio-board.o
 .debug_info    0x00036ee9     0x1db6 ..\obj\stm32l1xx_hal_spi.o
 .debug_info    0x00038c9f     0x1618 ..\obj\stm32l1xx_hal_cortex.o
 .debug_info    0x0003a2b7     0x1f4b ..\obj\adc.o
 .debug_info    0x0003c202     0x2100 ..\obj\gpio.o
 .debug_info    0x0003e302     0x11f0 ..\obj\stm32l1xx_hal_adc_ex.o
 .debug_info    0x0003f4f2     0x1a2f ..\obj\stm32l1xx_hal_rtc_ex.o
 .debug_info    0x00040f21     0x18e2 ..\obj\stm32l1xx_hal_adc.o
 .debug_info    0x00042803     0x288d ..\obj\uart-board.o

.debug_abbrev   0x00000000     0x76e7
 .debug_abbrev  0x00000000      0x4ed ..\obj\sx1276.o
 .debug_abbrev  0x000004ed      0x3a1 ..\obj\printf.o
 .debug_abbrev  0x0000088e      0x2d5 ..\obj\stm32l1xx_hal_pwr.o
 .debug_abbrev  0x00000b63      0x410 ..\obj\board.o
 .debug_abbrev  0x00000f73      0x2dc ..\obj\stm32l1xx_hal.o
 .debug_abbrev  0x0000124f      0x228 ..\obj\sysIrqHandlers.o
 .debug_abbrev  0x00001477      0x3a4 ..\obj\stm32l1xx_hal_uart.o
 .debug_abbrev  0x0000181b      0x339 ..\obj\spi-board.o
 .debug_abbrev  0x00001b54      0x210 ..\obj\stm32l1xx_hal_spi_ex.o
 .debug_abbrev  0x00001d64      0x343 ..\obj\adc-board.o
 .debug_abbrev  0x000020a7      0x573 ..\obj\LoRaMac.o
 .debug_abbrev  0x0000261a      0x123 ..\obj\fifo.o
 .debug_abbrev  0x0000273d      0x202 ..\obj\system_stm32l1xx.o
 .debug_abbrev  0x0000293f      0x4b7 ..\obj\timer.o
 .debug_abbrev  0x00002df6      0x28f ..\obj\uart.o
 .debug_abbrev  0x00003085      0x2a0 ..\obj\stm32l1xx_hal_gpio.o
 .debug_abbrev  0x00003325      0x277 ..\obj\utilities.o
 .debug_abbrev  0x0000359c      0x3d4 ..\obj\stm32l1xx_hal_rcc.o
 .debug_abbrev  0x00003970      0x42a ..\obj\main.o
 .debug_abbrev  0x00003d9a      0x178 ..\obj\cmac.o
 .debug_abbrev  0x00003f12      0x2e1 ..\obj\aes.o
 .debug_abbrev  0x000041f3      0x2d6 ..\obj\stm32l1xx_hal_dma.o
 .debug_abbrev  0x000044c9      0x2fe ..\obj\stm32l1xx_hal_rtc.o
 .debug_abbrev  0x000047c7      0x4f9 ..\obj\rtc-board.o
 .debug_abbrev  0x00004cc0      0x242 ..\obj\LoRaMacCrypto.o
 .debug_abbrev  0x00004f02      0x28c ..\obj\delay.o
 .debug_abbrev  0x0000518e      0x328 ..\obj\sx1276-board.o
 .debug_abbrev  0x000054b6      0x271 ..\obj\stm32l1xx_hal_pwr_ex.o
 .debug_abbrev  0x00005727       0x12 ..\obj\startup_stm32l151xb.o
 .debug_abbrev  0x00005739      0x308 ..\obj\stm32l1xx_hal_rcc_ex.o
 .debug_abbrev  0x00005a41      0x37c ..\obj\gpio-board.o
 .debug_abbrev  0x00005dbd      0x3c0 ..\obj\stm32l1xx_hal_spi.o
 .debug_abbrev  0x0000617d      0x3af ..\obj\stm32l1xx_hal_cortex.o
 .debug_abbrev  0x0000652c      0x298 ..\obj\adc.o
 .debug_abbrev  0x000067c4      0x26e ..\obj\gpio.o
 .debug_abbrev  0x00006a32      0x31a ..\obj\stm32l1xx_hal_adc_ex.o
 .debug_abbrev  0x00006d4c      0x30d ..\obj\stm32l1xx_hal_rtc_ex.o
 .debug_abbrev  0x00007059      0x3b2 ..\obj\stm32l1xx_hal_adc.o
 .debug_abbrev  0x0000740b      0x2dc ..\obj\uart-board.o

.debug_loc      0x00000000     0xde31
 .debug_loc     0x00000000     0x10e6 ..\obj\sx1276.o
 .debug_loc     0x000010e6      0xaf0 ..\obj\printf.o
 .debug_loc     0x00001bd6      0x11f ..\obj\stm32l1xx_hal_pwr.o
 .debug_loc     0x00001cf5       0x9e ..\obj\board.o
 .debug_loc     0x00001d93       0x6a ..\obj\stm32l1xx_hal.o
 .debug_loc     0x00001dfd      0xdb4 ..\obj\stm32l1xx_hal_uart.o
 .debug_loc     0x00002bb1      0x2a7 ..\obj\spi-board.o
 .debug_loc     0x00002e58       0x34 ..\obj\stm32l1xx_hal_spi_ex.o
 .debug_loc     0x00002e8c      0x115 ..\obj\adc-board.o
 .debug_loc     0x00002fa1     0x2dd1 ..\obj\LoRaMac.o
 .debug_loc     0x00005d72       0xb5 ..\obj\fifo.o
 .debug_loc     0x00005e27      0x14d ..\obj\system_stm32l1xx.o
 .debug_loc     0x00005f74      0x46e ..\obj\timer.o
 .debug_loc     0x000063e2      0x439 ..\obj\uart.o
 .debug_loc     0x0000681b      0x2df ..\obj\stm32l1xx_hal_gpio.o
 .debug_loc     0x00006afa      0x1e6 ..\obj\utilities.o
 .debug_loc     0x00006ce0      0xadf ..\obj\stm32l1xx_hal_rcc.o
 .debug_loc     0x000077bf      0x3f3 ..\obj\main.o
 .debug_loc     0x00007bb2      0x20e ..\obj\cmac.o
 .debug_loc     0x00007dc0      0x4f3 ..\obj\aes.o
 .debug_loc     0x000082b3      0x5c6 ..\obj\stm32l1xx_hal_dma.o
 .debug_loc     0x00008879      0x440 ..\obj\stm32l1xx_hal_rtc.o
 .debug_loc     0x00008cb9      0xb30 ..\obj\rtc-board.o
 .debug_loc     0x000097e9      0x69c ..\obj\LoRaMacCrypto.o
 .debug_loc     0x00009e85       0x7e ..\obj\delay.o
 .debug_loc     0x00009f03      0x201 ..\obj\sx1276-board.o
 .debug_loc     0x0000a104       0xac ..\obj\stm32l1xx_hal_pwr_ex.o
 .debug_loc     0x0000a1b0      0x2ad ..\obj\stm32l1xx_hal_rcc_ex.o
 .debug_loc     0x0000a45d      0x497 ..\obj\gpio-board.o
 .debug_loc     0x0000a8f4      0xffd ..\obj\stm32l1xx_hal_spi.o
 .debug_loc     0x0000b8f1      0x46b ..\obj\stm32l1xx_hal_cortex.o
 .debug_loc     0x0000bd5c       0xbe ..\obj\adc.o
 .debug_loc     0x0000be1a      0x282 ..\obj\gpio.o
 .debug_loc     0x0000c09c      0x4ff ..\obj\stm32l1xx_hal_adc_ex.o
 .debug_loc     0x0000c59b      0xd26 ..\obj\stm32l1xx_hal_rtc_ex.o
 .debug_loc     0x0000d2c1      0x83c ..\obj\stm32l1xx_hal_adc.o
 .debug_loc     0x0000dafd      0x334 ..\obj\uart-board.o

.debug_aranges  0x00000000      0x4f0
 .debug_aranges
                0x00000000       0x20 ..\obj\sx1276.o
 .debug_aranges
                0x00000020       0x20 ..\obj\printf.o
 .debug_aranges
                0x00000040       0x20 ..\obj\stm32l1xx_hal_pwr.o
 .debug_aranges
                0x00000060       0x20 ..\obj\board.o
 .debug_aranges
                0x00000080       0x20 ..\obj\stm32l1xx_hal.o
 .debug_aranges
                0x000000a0       0x20 ..\obj\sysIrqHandlers.o
 .debug_aranges
                0x000000c0       0x20 ..\obj\stm32l1xx_hal_uart.o
 .debug_aranges
                0x000000e0       0x20 ..\obj\spi-board.o
 .debug_aranges
                0x00000100       0x20 ..\obj\stm32l1xx_hal_spi_ex.o
 .debug_aranges
                0x00000120       0x20 ..\obj\adc-board.o
 .debug_aranges
                0x00000140       0x20 ..\obj\LoRaMac.o
 .debug_aranges
                0x00000160       0x20 ..\obj\fifo.o
 .debug_aranges
                0x00000180       0x20 ..\obj\system_stm32l1xx.o
 .debug_aranges
                0x000001a0       0x20 ..\obj\timer.o
 .debug_aranges
                0x000001c0       0x20 ..\obj\uart.o
 .debug_aranges
                0x000001e0       0x20 ..\obj\stm32l1xx_hal_gpio.o
 .debug_aranges
                0x00000200       0x20 ..\obj\utilities.o
 .debug_aranges
                0x00000220       0x20 ..\obj\stm32l1xx_hal_rcc.o
 .debug_aranges
                0x00000240       0x28 ..\obj\main.o
 .debug_aranges
                0x00000268       0x20 ..\obj\cmac.o
 .debug_aranges
                0x00000288       0x20 ..\obj\aes.o
 .debug_aranges
                0x000002a8       0x20 ..\obj\stm32l1xx_hal_dma.o
 .debug_aranges
                0x000002c8       0x20 ..\obj\stm32l1xx_hal_rtc.o
 .debug_aranges
                0x000002e8       0x20 ..\obj\rtc-board.o
 .debug_aranges
                0x00000308       0x20 ..\obj\LoRaMacCrypto.o
 .debug_aranges
                0x00000328       0x20 ..\obj\delay.o
 .debug_aranges
                0x00000348       0x20 ..\obj\sx1276-board.o
 .debug_aranges
                0x00000368       0x20 ..\obj\stm32l1xx_hal_pwr_ex.o
 .debug_aranges
                0x00000388       0x28 ..\obj\startup_stm32l151xb.o
 .debug_aranges
                0x000003b0       0x20 ..\obj\stm32l1xx_hal_rcc_ex.o
 .debug_aranges
                0x000003d0       0x20 ..\obj\gpio-board.o
 .debug_aranges
                0x000003f0       0x20 ..\obj\stm32l1xx_hal_spi.o
 .debug_aranges
                0x00000410       0x20 ..\obj\stm32l1xx_hal_cortex.o
 .debug_aranges
                0x00000430       0x20 ..\obj\adc.o
 .debug_aranges
                0x00000450       0x20 ..\obj\gpio.o
 .debug_aranges
                0x00000470       0x20 ..\obj\stm32l1xx_hal_adc_ex.o
 .debug_aranges
                0x00000490       0x20 ..\obj\stm32l1xx_hal_rtc_ex.o
 .debug_aranges
                0x000004b0       0x20 ..\obj\stm32l1xx_hal_adc.o
 .debug_aranges
                0x000004d0       0x20 ..\obj\uart-board.o

.debug_ranges   0x00000000      0xb90
 .debug_ranges  0x00000000       0x48 ..\obj\sx1276.o
 .debug_ranges  0x00000048       0x28 ..\obj\board.o
 .debug_ranges  0x00000070       0x48 ..\obj\stm32l1xx_hal_uart.o
 .debug_ranges  0x000000b8       0x18 ..\obj\spi-board.o
 .debug_ranges  0x000000d0       0x38 ..\obj\adc-board.o
 .debug_ranges  0x00000108      0x2f0 ..\obj\LoRaMac.o
 .debug_ranges  0x000003f8       0x40 ..\obj\fifo.o
 .debug_ranges  0x00000438       0x30 ..\obj\timer.o
 .debug_ranges  0x00000468       0x18 ..\obj\uart.o
 .debug_ranges  0x00000480       0x20 ..\obj\stm32l1xx_hal_gpio.o
 .debug_ranges  0x000004a0      0x220 ..\obj\stm32l1xx_hal_rcc.o
 .debug_ranges  0x000006c0       0xe0 ..\obj\main.o
 .debug_ranges  0x000007a0       0x30 ..\obj\cmac.o
 .debug_ranges  0x000007d0      0x110 ..\obj\aes.o
 .debug_ranges  0x000008e0       0x40 ..\obj\stm32l1xx_hal_dma.o
 .debug_ranges  0x00000920       0xa0 ..\obj\rtc-board.o
 .debug_ranges  0x000009c0       0x18 ..\obj\sx1276-board.o
 .debug_ranges  0x000009d8       0x20 ..\obj\startup_stm32l151xb.o
 .debug_ranges  0x000009f8       0x48 ..\obj\stm32l1xx_hal_rcc_ex.o
 .debug_ranges  0x00000a40       0x20 ..\obj\gpio-board.o
 .debug_ranges  0x00000a60       0x58 ..\obj\stm32l1xx_hal_spi.o
 .debug_ranges  0x00000ab8       0xa8 ..\obj\stm32l1xx_hal_cortex.o
 .debug_ranges  0x00000b60       0x18 ..\obj\stm32l1xx_hal_adc.o
 .debug_ranges  0x00000b78       0x18 ..\obj\uart-board.o

.debug_line     0x00000000     0xefc2
 .debug_line    0x00000000      0xb46 ..\obj\sx1276.o
 .debug_line    0x00000b46      0x75d ..\obj\printf.o
 .debug_line    0x000012a3      0x479 ..\obj\stm32l1xx_hal_pwr.o
 .debug_line    0x0000171c      0x6a3 ..\obj\board.o
 .debug_line    0x00001dbf      0x3f2 ..\obj\stm32l1xx_hal.o
 .debug_line    0x000021b1      0x578 ..\obj\sysIrqHandlers.o
 .debug_line    0x00002729      0x9f6 ..\obj\stm32l1xx_hal_uart.o
 .debug_line    0x0000311f      0x5a9 ..\obj\spi-board.o
 .debug_line    0x000036c8      0x3e4 ..\obj\stm32l1xx_hal_spi_ex.o
 .debug_line    0x00003aac      0x5dc ..\obj\adc-board.o
 .debug_line    0x00004088     0x119c ..\obj\LoRaMac.o
 .debug_line    0x00005224      0x19c ..\obj\fifo.o
 .debug_line    0x000053c0      0x2c0 ..\obj\system_stm32l1xx.o
 .debug_line    0x00005680      0x622 ..\obj\timer.o
 .debug_line    0x00005ca2      0x567 ..\obj\uart.o
 .debug_line    0x00006209      0x50a ..\obj\stm32l1xx_hal_gpio.o
 .debug_line    0x00006713      0x585 ..\obj\utilities.o
 .debug_line    0x00006c98      0xa47 ..\obj\stm32l1xx_hal_rcc.o
 .debug_line    0x000076df      0x882 ..\obj\main.o
 .debug_line    0x00007f61      0x28a ..\obj\cmac.o
 .debug_line    0x000081eb      0x3a5 ..\obj\aes.o
 .debug_line    0x00008590      0x5cd ..\obj\stm32l1xx_hal_dma.o
 .debug_line    0x00008b5d      0x589 ..\obj\stm32l1xx_hal_rtc.o
 .debug_line    0x000090e6      0x828 ..\obj\rtc-board.o
 .debug_line    0x0000990e      0x359 ..\obj\LoRaMacCrypto.o
 .debug_line    0x00009c67      0x527 ..\obj\delay.o
 .debug_line    0x0000a18e      0x591 ..\obj\sx1276-board.o
 .debug_line    0x0000a71f      0x41a ..\obj\stm32l1xx_hal_pwr_ex.o
 .debug_line    0x0000ab39       0xd5 ..\obj\startup_stm32l151xb.o
 .debug_line    0x0000ac0e      0x4c0 ..\obj\stm32l1xx_hal_rcc_ex.o
 .debug_line    0x0000b0ce      0x626 ..\obj\gpio-board.o
 .debug_line    0x0000b6f4      0xbb6 ..\obj\stm32l1xx_hal_spi.o
 .debug_line    0x0000c2aa      0x4f5 ..\obj\stm32l1xx_hal_cortex.o
 .debug_line    0x0000c79f      0x530 ..\obj\adc.o
 .debug_line    0x0000cccf      0x541 ..\obj\gpio.o
 .debug_line    0x0000d210      0x620 ..\obj\stm32l1xx_hal_adc_ex.o
 .debug_line    0x0000d830      0x9eb ..\obj\stm32l1xx_hal_rtc_ex.o
 .debug_line    0x0000e21b      0x7de ..\obj\stm32l1xx_hal_adc.o
 .debug_line    0x0000e9f9      0x5c9 ..\obj\uart-board.o

.debug_str      0x00000000     0x7f5c
 .debug_str     0x00000000     0x1811 ..\obj\sx1276.o
                               0x1aab (size before relaxing)
 .debug_str     0x00001811      0x2b6 ..\obj\printf.o
                               0x17b6 (size before relaxing)
 .debug_str     0x00001ac7      0x365 ..\obj\stm32l1xx_hal_pwr.o
                                0x955 (size before relaxing)
 .debug_str     0x00001e2c      0x948 ..\obj\board.o
                               0x1f39 (size before relaxing)
 .debug_str     0x00002774      0x1dc ..\obj\stm32l1xx_hal.o
                                0xbbc (size before relaxing)
 .debug_str     0x00002950       0xba ..\obj\sysIrqHandlers.o
                               0x1561 (size before relaxing)
 .debug_str     0x00002a0a      0x423 ..\obj\stm32l1xx_hal_uart.o
                                0xe22 (size before relaxing)
 .debug_str     0x00002e2d       0xe2 ..\obj\spi-board.o
                               0x168f (size before relaxing)
 .debug_str     0x00002f0f       0x9b ..\obj\stm32l1xx_hal_spi_ex.o
                                0xa5d (size before relaxing)
 .debug_str     0x00002faa      0x2be ..\obj\adc-board.o
                               0x189b (size before relaxing)
 .debug_str     0x00003268     0x1bdf ..\obj\LoRaMac.o
                               0x339e (size before relaxing)
 .debug_str     0x00004e47       0x9c ..\obj\fifo.o
                                0x1f3 (size before relaxing)
 .debug_str     0x00004ee3       0xb0 ..\obj\system_stm32l1xx.o
                                0x74b (size before relaxing)
 .debug_str     0x00004f93      0x220 ..\obj\timer.o
                               0x17d3 (size before relaxing)
 .debug_str     0x000051b3      0x169 ..\obj\uart.o
                               0x171c (size before relaxing)
 .debug_str     0x0000531c      0x1e3 ..\obj\stm32l1xx_hal_gpio.o
                                0x8b4 (size before relaxing)
 .debug_str     0x000054ff       0x71 ..\obj\utilities.o
                               0x1558 (size before relaxing)
 .debug_str     0x00005570      0x223 ..\obj\stm32l1xx_hal_rcc.o
                                0xb28 (size before relaxing)
 .debug_str     0x00005793      0x285 ..\obj\main.o
                               0x257d (size before relaxing)
 .debug_str     0x00005a18       0xea ..\obj\cmac.o
                                0x243 (size before relaxing)
 .debug_str     0x00005b02      0x101 ..\obj\aes.o
                                0x633 (size before relaxing)
 .debug_str     0x00005c03      0x266 ..\obj\stm32l1xx_hal_dma.o
                                0xaa1 (size before relaxing)
 .debug_str     0x00005e69      0x42d ..\obj\stm32l1xx_hal_rtc.o
                                0xaf8 (size before relaxing)
 .debug_str     0x00006296      0x493 ..\obj\rtc-board.o
                               0x20f3 (size before relaxing)
 .debug_str     0x00006729       0xca ..\obj\LoRaMacCrypto.o
                                0x738 (size before relaxing)
 .debug_str     0x000067f3       0x54 ..\obj\delay.o
                               0x1519 (size before relaxing)
 .debug_str     0x00006847      0x1a7 ..\obj\sx1276-board.o
                               0x1768 (size before relaxing)
 .debug_str     0x000069ee      0x102 ..\obj\stm32l1xx_hal_pwr_ex.o
                                0x794 (size before relaxing)
 .debug_str     0x00006af0       0xe2 ..\obj\stm32l1xx_hal_rcc_ex.o
                                0x834 (size before relaxing)
 .debug_str     0x00006bd2      0x1e7 ..\obj\gpio-board.o
                               0x1bee (size before relaxing)
 .debug_str     0x00006db9      0x3a7 ..\obj\stm32l1xx_hal_spi.o
                                0xdfe (size before relaxing)
 .debug_str     0x00007160      0x32a ..\obj\stm32l1xx_hal_cortex.o
                                0xe27 (size before relaxing)
 .debug_str     0x0000748a       0x61 ..\obj\adc.o
                               0x1573 (size before relaxing)
 .debug_str     0x000074eb       0x7b ..\obj\gpio.o
                               0x16f2 (size before relaxing)
 .debug_str     0x00007566      0x2f2 ..\obj\stm32l1xx_hal_adc_ex.o
                                0xcd2 (size before relaxing)
 .debug_str     0x00007858      0x421 ..\obj\stm32l1xx_hal_rtc_ex.o
                                0xe63 (size before relaxing)
 .debug_str     0x00007c79      0x26f ..\obj\stm32l1xx_hal_adc.o
                                0xe18 (size before relaxing)
 .debug_str     0x00007ee8       0x74 ..\obj\uart-board.o
                               0x1ca6 (size before relaxing)

.debug_frame    0x00000000     0x360c
 .debug_frame   0x00000000      0x4b8 ..\obj\sx1276.o
 .debug_frame   0x000004b8      0x210 ..\obj\printf.o
 .debug_frame   0x000006c8      0x128 ..\obj\stm32l1xx_hal_pwr.o
 .debug_frame   0x000007f0      0x10c ..\obj\board.o
 .debug_frame   0x000008fc      0x164 ..\obj\stm32l1xx_hal.o
 .debug_frame   0x00000a60       0x60 ..\obj\sysIrqHandlers.o
 .debug_frame   0x00000ac0      0x320 ..\obj\stm32l1xx_hal_uart.o
 .debug_frame   0x00000de0       0xa0 ..\obj\spi-board.o
 .debug_frame   0x00000e80       0x28 ..\obj\stm32l1xx_hal_spi_ex.o
 .debug_frame   0x00000ea8       0x60 ..\obj\adc-board.o
 .debug_frame   0x00000f08      0x4f4 ..\obj\LoRaMac.o
 .debug_frame   0x000013fc       0x78 ..\obj\fifo.o
 .debug_frame   0x00001474       0x3c ..\obj\system_stm32l1xx.o
 .debug_frame   0x000014b0      0x160 ..\obj\timer.o
 .debug_frame   0x00001610       0xd8 ..\obj\uart.o
 .debug_frame   0x000016e8       0xd8 ..\obj\stm32l1xx_hal_gpio.o
 .debug_frame   0x000017c0       0x8c ..\obj\utilities.o
 .debug_frame   0x0000184c      0x164 ..\obj\stm32l1xx_hal_rcc.o
 .debug_frame   0x000019b0      0x114 ..\obj\main.o
 .debug_frame   0x00001ac4       0x88 ..\obj\cmac.o
 .debug_frame   0x00001b4c       0xac ..\obj\aes.o
 .debug_frame   0x00001bf8      0x13c ..\obj\stm32l1xx_hal_dma.o
 .debug_frame   0x00001d34      0x164 ..\obj\stm32l1xx_hal_rtc.o
 .debug_frame   0x00001e98      0x1b4 ..\obj\rtc-board.o
 .debug_frame   0x0000204c       0xe8 ..\obj\LoRaMacCrypto.o
 .debug_frame   0x00002134       0x3c ..\obj\delay.o
 .debug_frame   0x00002170      0x12c ..\obj\sx1276-board.o
 .debug_frame   0x0000229c       0x80 ..\obj\stm32l1xx_hal_pwr_ex.o
 .debug_frame   0x0000231c       0x58 ..\obj\stm32l1xx_hal_rcc_ex.o
 .debug_frame   0x00002374      0x180 ..\obj\gpio-board.o
 .debug_frame   0x000024f4      0x398 ..\obj\stm32l1xx_hal_spi.o
 .debug_frame   0x0000288c      0x138 ..\obj\stm32l1xx_hal_cortex.o
 .debug_frame   0x000029c4       0x50 ..\obj\adc.o
 .debug_frame   0x00002a14       0x98 ..\obj\gpio.o
 .debug_frame   0x00002aac       0xd8 ..\obj\stm32l1xx_hal_adc_ex.o
 .debug_frame   0x00002b84      0x348 ..\obj\stm32l1xx_hal_rtc_ex.o
 .debug_frame   0x00002ecc      0x29c ..\obj\stm32l1xx_hal_adc.o
 .debug_frame   0x00003168      0x110 ..\obj\uart-board.o
 .debug_frame   0x00003278       0x2c c:/program files (x86)/gnu tools arm embedded/6 2017-q2-update/bin/../lib/gcc/arm-none-eabi/6.3.1/../../../../arm-none-eabi/lib/thumb/v7-m\libc_nano.a(lib_a-init.o)
 .debug_frame   0x000032a4       0x20 c:/program files (x86)/gnu tools arm embedded/6 2017-q2-update/bin/../lib/gcc/arm-none-eabi/6.3.1/../../../../arm-none-eabi/lib/thumb/v7-m\libc_nano.a(lib_a-memset.o)
 .debug_frame   0x000032c4       0x34 c:/program files (x86)/gnu tools arm embedded/6 2017-q2-update/bin/../lib/gcc/arm-none-eabi/6.3.1/../../../../arm-none-eabi/lib/thumb/v7-m\libm.a(lib_a-s_ceil.o)
 .debug_frame   0x000032f8       0x34 c:/program files (x86)/gnu tools arm embedded/6 2017-q2-update/bin/../lib/gcc/arm-none-eabi/6.3.1/../../../../arm-none-eabi/lib/thumb/v7-m\libm.a(lib_a-s_floor.o)
 .debug_frame   0x0000332c       0x30 c:/program files (x86)/gnu tools arm embedded/6 2017-q2-update/bin/../lib/gcc/arm-none-eabi/6.3.1/../../../../arm-none-eabi/lib/thumb/v7-m\libm.a(lib_a-s_round.o)
 .debug_frame   0x0000335c       0xac c:/program files (x86)/gnu tools arm embedded/6 2017-q2-update/bin/../lib/gcc/arm-none-eabi/6.3.1/thumb/v7-m\libgcc.a(_arm_addsubdf3.o)
 .debug_frame   0x00003408       0x50 c:/program files (x86)/gnu tools arm embedded/6 2017-q2-update/bin/../lib/gcc/arm-none-eabi/6.3.1/thumb/v7-m\libgcc.a(_arm_muldivdf3.o)
 .debug_frame   0x00003458       0xc4 c:/program files (x86)/gnu tools arm embedded/6 2017-q2-update/bin/../lib/gcc/arm-none-eabi/6.3.1/thumb/v7-m\libgcc.a(_arm_cmpdf2.o)
 .debug_frame   0x0000351c       0x24 c:/program files (x86)/gnu tools arm embedded/6 2017-q2-update/bin/../lib/gcc/arm-none-eabi/6.3.1/thumb/v7-m\libgcc.a(_arm_fixdfsi.o)
 .debug_frame   0x00003540       0x24 c:/program files (x86)/gnu tools arm embedded/6 2017-q2-update/bin/../lib/gcc/arm-none-eabi/6.3.1/thumb/v7-m\libgcc.a(_arm_fixunsdfsi.o)
 .debug_frame   0x00003564       0x4c c:/program files (x86)/gnu tools arm embedded/6 2017-q2-update/bin/../lib/gcc/arm-none-eabi/6.3.1/thumb/v7-m\libgcc.a(_arm_addsubsf3.o)
 .debug_frame   0x000035b0       0x38 c:/program files (x86)/gnu tools arm embedded/6 2017-q2-update/bin/../lib/gcc/arm-none-eabi/6.3.1/thumb/v7-m\libgcc.a(_arm_muldivsf3.o)
 .debug_frame   0x000035e8       0x24 c:/program files (x86)/gnu tools arm embedded/6 2017-q2-update/bin/../lib/gcc/arm-none-eabi/6.3.1/thumb/v7-m\libgcc.a(_arm_fixunssfsi.o)
